I'm sorry, but errors were detected in your script. Please correct the
errors listed below, and try again.


File "game/script.rpy", line 5: expected expression
    define pushleft =
                     ^

File "game/script.rpy", line 6: expected expression
    define pushright = 
                       ^

Ren'Py Version: Ren'Py 7.4.4.1439
Wed May 26 13:09:22 2021
